- pkg:cargo/goldenfile@0.4.0
- pkg:cargo/goldenfile@0.5.0
- pkg:cargo/goldenfile@0.5.1
- pkg:cargo/goldenfile@0.6.0
- pkg:cargo/goldenfile@0.7.0
- pkg:cargo/goldenfile@0.7.1
- pkg:cargo/goldenfile@1.0.0
- pkg:cargo/goldenfile@1.0.1
- pkg:cargo/goldenfile@1.0.2
- pkg:cargo/goldenfile@1.0.3
- pkg:cargo/goldenfile@1.1.0
- pkg:cargo/goldenfile@1.2.0
- pkg:cargo/goldenfile@1.3.0
- pkg:cargo/goldenfile@1.4.0
- pkg:cargo/goldenfile@1.4.1
- pkg:cargo/goldenfile@1.4.2
- pkg:cargo/goldenfile@1.4.3
- pkg:cargo/goldenfile@1.4.4
- pkg:cargo/goldenfile@1.4.5
- pkg:cargo/goldenfile@1.5.0
- pkg:cargo/goldenfile@1.5.1
- pkg:cargo/goldenfile@1.5.2
- pkg:cargo/goldenfile@1.6.0
- pkg:cargo/goldenfile@1.6.1
- pkg:cargo/goldenfile@1.7.0
- pkg:cargo/goldenfile@1.7.1
- pkg:cargo/goldenfile@1.7.2
- pkg:cargo/goldenfile@1.7.3
- pkg:cargo/goldenfile@1.8.0
